Collecting torch<3.0,>=2.4
  Using cached torch-2.14.1-cp310-cp310-win_amd64.whl (124.1 MB)
Collecting transformers<5.0,>=4.45
  Using cached transformers-4.57.6-py3-none-any.whl (12.0 MB)
Requirement already satisfied: networkx>=2.5.1 in c:\users\kalya\documents\yi hackathon\financial-risk-ai\.verify-venv\lib\site-packages (from torch<3.0,>=2.4) (3.4.2)
Requirement already satisfied: fsspec>=0.8.5 in c:\users\kalya\documents\yi hackathon\financial-risk-ai\.verify-venv\lib\site-packages (from torch<3.0,>=2.4) (2026.9.0)
Requirement already satisfied: typing-extensions>=4.10.0 in c:\users\kalya\documents\yi hackathon\financial-risk-ai\.verify-venv\lib\site-packages (from torch<3.0,>=2.4) (4.16.0)
Requirement already satisfied: filelock in c:\users\kalya\documents\yi hackathon\financial-risk-ai\.verify-venv\lib\site-packages (from torch<3.0,>=2.4) (4.0.12)
Requirement already satisfied: setuptools>=77.0.3 in c:\users\kalya\documents\yi hackathon\financial-risk-ai\.verify-venv\lib\site-packages (from torch<3.0,>=2.4) (84.0.0)
Requirement already satisfied: sympy>=1.13.3 in c:\users\kalya\documents\yi hackathon\financial-risk-ai\.verify-venv\lib\site-packages (from torch<3.0,>=2.4) (1.14.0)
Requirement already satisfied: jinja2 in c:\users\kalya\documents\yi hackathon\financial-risk-ai\.verify-venv\lib\site-packages (from torch<3.0,>=2.4) (3.1.6)
Requirement already satisfied: numpy>=1.17 in c:\users\kalya\documents\yi hackathon\financial-risk-ai\.verify-venv\lib\site-packages (from transformers<5.0,>=4.45) (2.2.6)
Requirement already satisfied: tqdm>=4.27 in c:\users\kalya\documents\yi hackathon\financial-risk-ai\.verify-venv\lib\site-packages (from transformers<5.0,>=4.45) (4.70.1)
Requirement already satisfied: regex!=2019.12.17 in c:\users\kalya\documents\yi hackathon\financial-risk-ai\.verify-venv\lib\site-packages (from transformers<5.0,>=4.45) (2026.9.29)
Requirement already satisfied: requests in c:\users\kalya\documents\yi hackathon\financial-risk-ai\.verify-venv\lib\site-packages (from transformers<5.0,>=4.45) (2.34.2)
Requirement already satisfied: pyyaml>=5.1 in c:\users\kalya\documents\yi hackathon\financial-risk-ai\.verify-venv\lib\site-packages (from transformers<5.0,>=4.45) (6.0.3)
Collecting tokenizers<=0.23.0,>=0.22.0
  Using cached tokenizers-0.22.2-cp39-abi3-win_amd64.whl (2.7 MB)
Requirement already satisfied: safetensors>=0.4.3 in c:\users\kalya\documents\yi hackathon\financial-risk-ai\.verify-venv\lib\site-packages (from transformers<5.0,>=4.45) (0.8.0)
Requirement already satisfied: packaging>=20.0 in c:\users\kalya\documents\yi hackathon\financial-risk-ai\.verify-venv\lib\site-packages (from transformers<5.0,>=4.45) (26.3)
Collecting huggingface-hub<1.0,>=0.34.0
  Using cached huggingface_hub-0.36.2-py3-none-any.whl (566 kB)
Requirement already satisfied: mpmath<1.4,>=1.1.0 in c:\users\kalya\documents\yi hackathon\financial-risk-ai\.verify-venv\lib\site-packages (from sympy>=1.13.3->torch<3.0,>=2.4) (1.3.0)
Requirement already satisfied: colorama in c:\users\kalya\documents\yi hackathon\financial-risk-ai\.verify-venv\lib\site-packages (from tqdm>=4.27->transformers<5.0,>=4.45) (0.4.6)
Requirement already satisfied: MarkupSafe>=2.0 in c:\users\kalya\documents\yi hackathon\financial-risk-ai\.verify-venv\lib\site-packages (from jinja2->torch<3.0,>=2.4) (3.0.4)
Requirement already satisfied: urllib3<3,>=1.26 in c:\users\kalya\documents\yi hackathon\financial-risk-ai\.verify-venv\lib\site-packages (from requests->transformers<5.0,>=4.45) (2.8.0)
Requirement already satisfied: certifi>=2023.5.7 in c:\users\kalya\documents\yi hackathon\financial-risk-ai\.verify-venv\lib\site-packages (from requests->transformers<5.0,>=4.45) (2026.7.22)
Requirement already satisfied: charset_normalizer<4,>=2 in c:\users\kalya\documents\yi hackathon\financial-risk-ai\.verify-venv\lib\site-packages (from requests->transformers<5.0,>=4.45) (3.5.2)
Requirement already satisfied: idna<4,>=2.5 in c:\users\kalya\documents\yi hackathon\financial-risk-ai\.verify-venv\lib\site-packages (from requests->transformers<5.0,>=4.45) (3.20)
Installing collected packages: torch, huggingface-hub, tokenizers, transformers
Successfully installed huggingface-hub-0.36.2 tokenizers-0.22.2 torch-2.14.1 transformers-4.57.6
